sat
(
  (define-fun p_permitted_bytes4_fcf0ee1_00 () (_ BitVec 256)
    #xde6efbff00000000000000000000000000000000000000000000000000000000)
  (define-fun p_observedTarget_address_628bcc9_00 () (_ BitVec 256)
    #x0000000000000000000000000000000000000000000000000000000000000000)
  (define-fun p_observedSelector_bytes4_2f6e9de_00 () (_ BitVec 256)
    #x0008804100000000000000000000000000000000000000000000000000000000)
  (define-fun p_roleId_uint16_9c0bbe7_00 () (_ BitVec 256)
    #x0000000000000000000000000000000000000000000000000000000000000000)
  (define-fun p_denied_bytes4_2375eb0_00 () (_ BitVec 256)
    #x78c66e3a00000000000000000000000000000000000000000000000000000000)
  (define-fun p_target_address_876cc55_00 () (_ BitVec 256)
    #x000000000000000000000000ffffffffffffffffffffffffffffffffffffffff)
  (define-fun p_roleSlot_uint256_54b05c8_00 () (_ BitVec 256)
    #x0000000000000000000000000000000000000000000000000000000000000000)
  (define-fun storage_0x7fa9385be102ac3eac297483dd6233d62b3e1496_769_00 () (Array (_ BitVec 769) (_ BitVec 256))
    (store ((as const (Array (_ BitVec 769) (_ BitVec 256)))
         #xffffffffffffffffffffffffffffffffffffffffffffffffffffffffffffffff)
       #b0000000000000000000000000000000000000000000000000000000000000000000000000000000000000000000000001111111111111111111111111111111111111111111111111111111111111111111111111111111111111111111111111111111111111111111111111111111111111111111111111111111111111111000000000000000000000000000000000000000000000000000000000000000000000000000000000000000000000000000000000000000000000000000000000000000000000000000000000000000000000000000000000000000000000000000000000000000000000000000000000000000000000000000000000000000100000000000000000000000000000000000000000000000000000000000000000000000000000000000000000000000000000000000000000000000000000000000000000000000000000000000000000000000000000000000000000000000000000000000000000000000000000000000000000000000000000000000000000
       #x00793419f60eb3c87c82a2c0c0cff028084040a11f20cb0601c6300f818e0000))
  (define-fun storage_0x7fa9385be102ac3eac297483dd6233d62b3e1496_769_b992651_02 () (Array (_ BitVec 769) (_ BitVec 256))
    (store ((as const (Array (_ BitVec 769) (_ BitVec 256)))
         #xffffffffffffffffffffffffffffffffffffffffffffffffffffffffffffffff)
       #b0000000000000000000000000000000000000000000000000000000000000000000000000000000000000000000000001111111111111111111111111111111111111111111111111111111111111111111111111111111111111111111111111111111111111111111111111111111111111111111111111111111111111111000000000000000000000000000000000000000000000000000000000000000000000000000000000000000000000000000000000000000000000000000000000000000000000000000000000000000000000000000000000000000000000000000000000000000000000000000000000000000000000000000000000000000100000000000000000000000000000000000000000000000000000000000000000000000000000000000000000000000000000000000000000000000000000000000000000000000000000000000000000000000000000000000000000000000000000000000000000000000000000000000000000000000000000000000000000
       #x00793419f60eb3c87c82a2c0c0cff028084040a11f20cb0601c6300f818e0002))
  (define-fun balance_00 () (Array (_ BitVec 160) (_ BitVec 256))
    ((as const (Array (_ BitVec 160) (_ BitVec 256)))
  #x0000000000000000000000000000000000000000000000000000000000000000))
  (define-fun balance_c7bce15_01 () (Array (_ BitVec 160) (_ BitVec 256))
    (store ((as const (Array (_ BitVec 160) (_ BitVec 256)))
         #x0000000000000000000000000000000000000000000000000000000000000000)
       #x7fa9385be102ac3eac297483dd6233d62b3e1496
       #x0000000000000000000000000000000000000000ffffffffffffffffffffffff))
  (define-fun storage_0x7fa9385be102ac3eac297483dd6233d62b3e1496_769_8c789a9_03 () (Array (_ BitVec 769) (_ BitVec 256))
    (store (store ((as const (Array (_ BitVec 769) (_ BitVec 256)))
                #xffffffffffffffffffffffffffffffffffffffffffffffffffffffffffffffff)
              #b0000000000000000000000000000000000000000000000000000000000000000000000000000000000000000000000001111111111111111111111111111111111111111111111111111111111111111111111111111111111111111111111111111111111111111111111111111111111111111111111111111111111111111000000000000000000000000000000000000000000000000000000000000000000000000000000000000000000000000000000000000000000000000000000000000000000000000000000000000000000000000000000000000000000000000000000000000000000000000000000000000000000000000000000000000000100000000000000000000000000000000000000000000000000000000000000000000000000000000000000000000000000000000000000000000000000000000000000000000000000000000000000000000000000000000000000000000000000000000000000000000000000000000000000000000000000000000000000000
              #x00793419f60eb3c87c82a2c0c0cff028084040a11f20cb0601c6300f818e0002)
       #b1111111111111111111111111111111111111111111111111111111111111111111111111111111111111111111111111111111111111111111111111111111111111111111111111111111111111111110111100110111011111011111111110000000000000000000000000000000000000000000000000000000000000000000000000000000000000000000000000000000000000000000000000000000000000000000000000000000000000000000000000000000000000000000000000000000000000000000000000000000000000000000000000000000000000000000000000000000000000000000000000000000000000000000000000000001000000000000000000000000000000000000000000000000000000000000000000000000000000000000000000000000000000000000000000000000000000000000000000000000000000000000000000000000000000000000000000000000000000000000000000000000000000000000000000000000000000000000000000
       #x2000000000000000000000000000000000000000000000000000000000000000))
  (define-fun storage_0x7fa9385be102ac3eac297483dd6233d62b3e1496_769_876e096_01 () (Array (_ BitVec 769) (_ BitVec 256))
    (store ((as const (Array (_ BitVec 769) (_ BitVec 256)))
         #xffffffffffffffffffffffffffffffffffffffffffffffffffffffffffffffff)
       #b0000000000000000000000000000000000000000000000000000000000000000000000000000000000000000000000001111111111111111111111111111111111111111111111111111111111111111111111111111111111111111111111111111111111111111111111111111111111111111111111111111111111111111000000000000000000000000000000000000000000000000000000000000000000000000000000000000000000000000000000000000000000000000000000000000000000000000000000000000000000000000000000000000000000000000000000000000000000000000000000000000000000000000000000000000000100000000000000000000000000000000000000000000000000000000000000000000000000000000000000000000000000000000000000000000000000000000000000000000000000000000000000000000000000000000000000000000000000000000000000000000000000000000000000000000000000000000000000000
       #x00793419f60eb3c87c82a2c0c0cff028084040a11f20cb0601c6300f818e0002))
  (define-fun f_sha3_512 ((x!0 (_ BitVec 512))) (_ BitVec 256)
    (ite (= x!0
            #x000000000000000000000000ffffffffffffffffffffffffffffffffffffffff0000000000000000000000000000000000000000000000000000000000000001)
      #x0000000000000000000000009400018e335e1afdb08122a08800084259feebbf
    (ite (= x!0
            #x00000000000000000000000000000000000000000008804100000000000000000000000000000000000000000000000000000000000000000000000000000002)
      #xff73fffe7c707fbfcffff76f6bfffe71cca1e5024f7edd5f77fff7bddbfeeb3a
    (ite (= x!0
            #xffffffffffffffffffffffffffffffffffffffffde6efbff00000000000000000000000000000000000000000000000000000000000000000000000000000002)
      #x008c0001838f80403000089070000132334920c00802a8e8482643c9a6011440
    (ite (= x!0
            #xffffffffffffffffffffffffffffffffffffffff78c66e3a00000000000000000000000000000000000000000000000000000000000000000000000000000002)
      #x008c0001838f8040320008908f21162c02c1bc0588db1353d7f23808a80114c5
      #x0000000000000000000000000000000000000000000000000000000000000000)))))
  (define-fun f_inv_sha3_size ((x!0 (_ BitVec 160))) (_ BitVec 256)
    (ite (= x!0 #x8f21162c02c1bc0588db1353d7f23808a80114c5)
      #x0000000000000000000000000000000000000000000000000000000000000200
    (ite (= x!0 #x6bfffe71cca1e5024f7edd5f77fff7bddbfeeb3a)
      #x0000000000000000000000000000000000000000000000000000000000000200
    (ite (= x!0 #x70000132334920c00802a8e8482643c9a6011440)
      #x0000000000000000000000000000000000000000000000000000000000000200
    (ite (= x!0 #x9400018e335e1afdb08122a08800084259feebbf)
      #x0000000000000000000000000000000000000000000000000000000000000200
      #x0000000000000000000000000000000000000000000000000000000000000000)))))
  (define-fun f_inv_sha3_512 ((x!0 (_ BitVec 160))) (_ BitVec 512)
    (ite (= x!0 #x9400018e335e1afdb08122a08800084259feebbf)
      #x000000000000000000000000ffffffffffffffffffffffffffffffffffffffff0000000000000000000000000000000000000000000000000000000000000001
    (ite (= x!0 #x6bfffe71cca1e5024f7edd5f77fff7bddbfeeb3a)
      #x00000000000000000000000000000000000000000008804100000000000000000000000000000000000000000000000000000000000000000000000000000002
    (ite (= x!0 #x70000132334920c00802a8e8482643c9a6011440)
      #xffffffffffffffffffffffffffffffffffffffffde6efbff00000000000000000000000000000000000000000000000000000000000000000000000000000002
    (ite (= x!0 #x8f21162c02c1bc0588db1353d7f23808a80114c5)
      #xffffffffffffffffffffffffffffffffffffffff78c66e3a00000000000000000000000000000000000000000000000000000000000000000000000000000002
      #x00000000000000000000000000000000000000000000000000000000000000000000000000000000000000000000000000000000000000000000000000000000)))))
)
