sat
(
  (define-fun p_permitted_bytes4_ad01276_00 () (_ BitVec 256)
    #x1663284000000000000000000000000000000000000000000000000000000000)
  (define-fun p_target_address_64279a0_00 () (_ BitVec 256)
    #x0000000000000000000000000010000000000000000000000000000000000000)
  (define-fun p_observedSelector_bytes4_0dea2c4_00 () (_ BitVec 256)
    #xac111a4500000000000000000000000000000000000000000000000000000000)
  (define-fun p_denied_bytes4_10496b0_00 () (_ BitVec 256)
    #x1663284000000000000000000000000000000000000000000000000000000000)
  (define-fun p_observedTarget_address_10d02e0_00 () (_ BitVec 256)
    #x000000000000000000000000b60e0f8646f046c61eb9c7de60248c0f419fdf50)
  (define-fun p_roleId_uint16_936d4d3_00 () (_ BitVec 256)
    #x0000000000000000000000000000000000000000000000000000000000000000)
  (define-fun p_roleSlot_uint256_111b339_00 () (_ BitVec 256)
    #x0000000000000000000000000000000000000000000000000000000000000000)
  (define-fun storage_0x7fa9385be102ac3eac297483dd6233d62b3e1496_769_00 () (Array (_ BitVec 769) (_ BitVec 256))
    ((as const (Array (_ BitVec 769) (_ BitVec 256)))
  #x0000000000000000000000000000000000000000000000000000000000000000))
  (define-fun storage_0x7fa9385be102ac3eac297483dd6233d62b3e1496_769_21b3442_01 () (Array (_ BitVec 769) (_ BitVec 256))
    (store ((as const (Array (_ BitVec 769) (_ BitVec 256)))
         #x0000000000000000000000000000000000000000000000000000000000000000)
       #b0000000000000000000000000000000000000000000000000000000000000000000000000000000000000000000000000000000000010000000000000000000000000000000000000000000000000000000000000000000000000000000000000000000000000000000000000000000000000000000000000000000000000000000000000000000000000000000000000000000000000000000000000000000000000000000000000000000000000000000000000000000000000000000000000000000000000000000000000000000000000000000000000000000000000000000000000000000000000000000000000000000000000000000000000000000100000000000000000000000000000000000000000000000000000000000000000000000000000000000000000000000000000000000000000000000000000000000000000000000000000000000000000000000000000000000000000000000000000000000000000000000000000000000000000000000000000000000000000
       #x0000000000000000000000000000000000000000000000000000000000000001))
  (define-fun storage_0x7fa9385be102ac3eac297483dd6233d62b3e1496_769_69e1dd6_03 () (Array (_ BitVec 769) (_ BitVec 256))
    (store (store ((as const (Array (_ BitVec 769) (_ BitVec 256)))
                #x0000000000000000000000000000000000000000000000000000000000000000)
              #b0000000000000000000000000000000000000000000000000000000000000000000000000000000000000000000000000000000000010000000000000000000000000000000000000000000000000000000000000000000000000000000000000000000000000000000000000000000000000000000000000000000000000000000000000000000000000000000000000000000000000000000000000000000000000000000000000000000000000000000000000000000000000000000000000000000000000000000000000000000000000000000000000000000000000000000000000000000000000000000000000000000000000000000000000000000100000000000000000000000000000000000000000000000000000000000000000000000000000000000000000000000000000000000000000000000000000000000000000000000000000000000000000000000000000000000000000000000000000000000000000000000000000000000000000000000000000000000000000
              #x0000000000000000000000000000000000000000000000000000000000000001)
       #b0000000000010000000000000000000000000000000000000000000000000000000000000000000000000000000000000000000000000000000000000000000000000000000000000000000000000000000101100110001100101000010000000000000000000000000000000000000000000000000000000000000000000000000000000000000000000000000000000000000000000000000000000000000000000000000000000000000000000000000000000000000000000000000000000000000000000000000000000000000000000000000000000000000000000000000000000000000000000000000000000000000000000000000000000000001000000000000000000000000000000000000000000000000000000000000000000000000000000000000000000000000000000000000000000000000000000000000000000000000000000000000000000000000000000000000000000000000000000000000000000000000000000000000000000000000000000000000000000
       #x0000000000000000000000000000000000000000000000000000000000000000))
  (define-fun storage_0x7fa9385be102ac3eac297483dd6233d62b3e1496_769_f4a5b88_04 () (Array (_ BitVec 769) (_ BitVec 256))
    (store (store ((as const (Array (_ BitVec 769) (_ BitVec 256)))
                #x0000000000000000000000000000000000000000000000000000000000000000)
              #b0000000000000000000000000000000000000000000000000000000000000000000000000000000000000000000000000000000000010000000000000000000000000000000000000000000000000000000000000000000000000000000000000000000000000000000000000000000000000000000000000000000000000000000000000000000000000000000000000000000000000000000000000000000000000000000000000000000000000000000000000000000000000000000000000000000000000000000000000000000000000000000000000000000000000000000000000000000000000000000000000000000000000000000000000000000100000000000000000000000000000000000000000000000000000000000000000000000000000000000000000000000000000000000000000000000000000000000000000000000000000000000000000000000000000000000000000000000000000000000000000000000000000000000000000000000000000000000000000
              #x0000000000000000000000000000000000000000000000000000000000000001)
       #b0000000000010000000000000000000000000000000000000000000000000000000000000000000000000000000000000000000000000000000000000000000000000000000000000000000000000000000101100110001100101000010000000000000000000000000000000000000000000000000000000000000000000000000000000000000000000000000000000000000000000000000000000000000000000000000000000000000000000000000000000000000000000000000000000000000000000000000000000000000000000000000000000000000000000000000000000000000000000000000000000000000000000000000000000000001000000000000000000000000000000000000000000000000000000000000000000000000000000000000000000000000000000000000000000000000000000000000000000000000000000000000000000000000000000000000000000000000000000000000000000000000000000000000000000000000000000000000000000
       #x2000000000000000000000000000000000000000000000000000000000000000))
  (define-fun balance_00 () (Array (_ BitVec 160) (_ BitVec 256))
    ((as const (Array (_ BitVec 160) (_ BitVec 256)))
  #x0000000000000000000000000000000000000000000000000000000000000000))
  (define-fun balance_59aede4_01 () (Array (_ BitVec 160) (_ BitVec 256))
    (store ((as const (Array (_ BitVec 160) (_ BitVec 256)))
         #x0000000000000000000000000000000000000000000000000000000000000000)
       #x7fa9385be102ac3eac297483dd6233d62b3e1496
       #x0000000000000000000000000000000000000000ffffffffffffffffffffffff))
  (define-fun storage_0x7fa9385be102ac3eac297483dd6233d62b3e1496_769_408cadb_02 () (Array (_ BitVec 769) (_ BitVec 256))
    (store ((as const (Array (_ BitVec 769) (_ BitVec 256)))
         #x0000000000000000000000000000000000000000000000000000000000000000)
       #b0000000000000000000000000000000000000000000000000000000000000000000000000000000000000000000000000000000000010000000000000000000000000000000000000000000000000000000000000000000000000000000000000000000000000000000000000000000000000000000000000000000000000000000000000000000000000000000000000000000000000000000000000000000000000000000000000000000000000000000000000000000000000000000000000000000000000000000000000000000000000000000000000000000000000000000000000000000000000000000000000000000000000000000000000000000100000000000000000000000000000000000000000000000000000000000000000000000000000000000000000000000000000000000000000000000000000000000000000000000000000000000000000000000000000000000000000000000000000000000000000000000000000000000000000000000000000000000000000
       #x0000000000000000000000000000000000000000000000000000000000000001))
  (define-fun f_sha3_512 ((x!0 (_ BitVec 512))) (_ BitVec 256)
    (ite (= x!0
            #x00000000000000000000000000100000000000000000000000000000000000000000000000000000000000000000000000000000000000000000000000000001)
      #x00000000000000000000000002a682b00c0e50102680f0cad22ff41f27ac30d6
    (ite (= x!0
            #xb60e0f8646f046c61eb9c7de60248c0f419fdf50ac111a4500000000000000000000000000000000000000000000000000000000000000000000000000000002)
      #x610e7bbb33bd8d7c59a56445cc497c1017f1a72577a45711381e1d144bdab45e
    (ite (= x!0
            #x00100000000000000000000000000000000000001663284000000000000000000000000000000000000000000000000000000000000000000000000000000002)
      #x01a580120168c01100000001fd597d4ff3f1afefd97f0f352dd00be0d853cf29
      #x0000000000000000000000000000000000000000000000000000000000000000))))
  (define-fun f_inv_sha3_size ((x!0 (_ BitVec 160))) (_ BitVec 256)
    (ite (= x!0 #xfd597d4ff3f1afefd97f0f352dd00be0d853cf29)
      #x0000000000000000000000000000000000000000000000000000000000000200
    (ite (= x!0 #xcc497c1017f1a72577a45711381e1d144bdab45e)
      #x0000000000000000000000000000000000000000000000000000000000000200
    (ite (= x!0 #x02a682b00c0e50102680f0cad22ff41f27ac30d6)
      #x0000000000000000000000000000000000000000000000000000000000000200
      #x0000000000000000000000000000000000000000000000000000000000000000))))
  (define-fun f_inv_sha3_512 ((x!0 (_ BitVec 160))) (_ BitVec 512)
    (ite (= x!0 #xfd597d4ff3f1afefd97f0f352dd00be0d853cf29)
      #x00100000000000000000000000000000000000001663284000000000000000000000000000000000000000000000000000000000000000000000000000000002
    (ite (= x!0 #x02a682b00c0e50102680f0cad22ff41f27ac30d6)
      #x00000000000000000000000000100000000000000000000000000000000000000000000000000000000000000000000000000000000000000000000000000001
    (ite (= x!0 #xcc497c1017f1a72577a45711381e1d144bdab45e)
      #xb60e0f8646f046c61eb9c7de60248c0f419fdf50ac111a4500000000000000000000000000000000000000000000000000000000000000000000000000000002
      #x00000000000000000000000000000000000000000000000000000000000000000000000000000000000000000000000000000000000000000000000000000000))))
)
