sat
(
  (define-fun p_observedTarget_address_5326c21_00 () (_ BitVec 256)
    #x0000000000000000000000000000000000000000000000000000000000000000)
  (define-fun p_target_address_2805145_00 () (_ BitVec 256)
    #x0000000000000000000000000000000000000000000000000000000000000000)
  (define-fun p_permitted_bytes4_472108b_00 () (_ BitVec 256)
    #xffffffff00000000000000000000000000000000000000000000000000000000)
  (define-fun p_denied_bytes4_18594e4_00 () (_ BitVec 256)
    #xffffffff00000000000000000000000000000000000000000000000000000000)
  (define-fun p_roleId_uint16_e8f6c1a_00 () (_ BitVec 256)
    #x0000000000000000000000000000000000000000000000000000000000000000)
  (define-fun p_observedSelector_bytes4_e53850f_00 () (_ BitVec 256)
    #x0000000000000000000000000000000000000000000000000000000000000000)
  (define-fun p_roleSlot_uint256_6f4c4c9_00 () (_ BitVec 256)
    #x0000000000000000000000000000000000000000000000000000000000000000)
  (define-fun storage_0x7fa9385be102ac3eac297483dd6233d62b3e1496_769_00 () (Array (_ BitVec 769) (_ BitVec 256))
    (store ((as const (Array (_ BitVec 769) (_ BitVec 256)))
         #xdfffffffffffffffffffffffffffffffffffffffffffffffffffffffffffffff)
       #b0000000000000000000000000000000000000000000000000000000000000000000000000000000000000000000000000000000000000000000000000000000000000000000000000000000000000000000000000000000000000000000000000000000000000000000000000000000000000000000000000000000000000000000000000000000000000000000000000000000000000000000000000000000000000000000000000000000000000000000000000000000000000000000000000000000000000000000000000000000000000000000000000000000000000000000000000000000000000000000000000000000000000000000000000000000100000000000000000000000000000000000000000000000000000000000000000000000000000000000000000000000000000000000000000000000000000000000000000000000000000000000000000000000000000000000000000000000000000000000000000000000000000000000000000000000000000000000000000
       #x007f7fc3f75e4669514001fdfe63a41fdfdfe5a61c45f87fe1ab72d138ce0000))
  (define-fun storage_0x7fa9385be102ac3eac297483dd6233d62b3e1496_769_16ed8be_01 () (Array (_ BitVec 769) (_ BitVec 256))
    (store ((as const (Array (_ BitVec 769) (_ BitVec 256)))
         #xdfffffffffffffffffffffffffffffffffffffffffffffffffffffffffffffff)
       #b0000000000000000000000000000000000000000000000000000000000000000000000000000000000000000000000000000000000000000000000000000000000000000000000000000000000000000000000000000000000000000000000000000000000000000000000000000000000000000000000000000000000000000000000000000000000000000000000000000000000000000000000000000000000000000000000000000000000000000000000000000000000000000000000000000000000000000000000000000000000000000000000000000000000000000000000000000000000000000000000000000000000000000000000000000000100000000000000000000000000000000000000000000000000000000000000000000000000000000000000000000000000000000000000000000000000000000000000000000000000000000000000000000000000000000000000000000000000000000000000000000000000000000000000000000000000000000000000000
       #x007f7fc3f75e4669514001fdfe63a41fdfdfe5a61c45f87fe1ab72d138ce0002))
  (define-fun storage_0x7fa9385be102ac3eac297483dd6233d62b3e1496_769_b07c06d_04 () (Array (_ BitVec 769) (_ BitVec 256))
    (store (store ((as const (Array (_ BitVec 769) (_ BitVec 256)))
                #xdfffffffffffffffffffffffffffffffffffffffffffffffffffffffffffffff)
              #b0000000000000000000000000000000000000000000000000000000000000000000000000000000000000000000000000000000000000000000000000000000000000000000000000000000000000000000000000000000000000000000000000000000000000000000000000000000000000000000000000000000000000000000000000000000000000000000000000000000000000000000000000000000000000000000000000000000000000000000000000000000000000000000000000000000000000000000000000000000000000000000000000000000000000000000000000000000000000000000000000000000000000000000000000000000100000000000000000000000000000000000000000000000000000000000000000000000000000000000000000000000000000000000000000000000000000000000000000000000000000000000000000000000000000000000000000000000000000000000000000000000000000000000000000000000000000000000000000
              #x007f7fc3f75e4669514001fdfe63a41fdfdfe5a61c45f87fe1ab72d138ce0002)
       #b0000000000000000000000000000000000000000000000000000000000000000000000000000000000000000000000000000000000000000000000000000000000000000000000000000000000000000000000000000000000000000000000000000000000000000000000000000000000000000000000000000000000000000000000000000000000000000000000000000000000000000000000000000000000000000000000000000000000000000000000000000000000000000000000000000000000000000000000000000000000000000000000000000000000000000000000000000000000000000000000000000000000000000000000000000001000000000000000000000000000000000000000000000000000000000000000000000000000000000000000000000000000000000000000000000000000000000000000000000000000000000000000000000000000000000000000000000000000000000000000000000000000000000000000000000000000000000000000000
       #x2000000000000000000000000000000000000000000000000000000000000000))
  (define-fun storage_0x7fa9385be102ac3eac297483dd6233d62b3e1496_769_c7968c7_03 () (Array (_ BitVec 769) (_ BitVec 256))
    (store (store ((as const (Array (_ BitVec 769) (_ BitVec 256)))
                #xdfffffffffffffffffffffffffffffffffffffffffffffffffffffffffffffff)
              #b0000000000000000000000000000000000000000000000000000000000000000000000000000000000000000000000000000000000000000000000000000000000000000000000000000000000000000000000000000000000000000000000000000000000000000000000000000000000000000000000000000000000000000000000000000000000000000000000000000000000000000000000000000000000000000000000000000000000000000000000000000000000000000000000000000000000000000000000000000000000000000000000000000000000000000000000000000000000000000000000000000000000000000000000000000000100000000000000000000000000000000000000000000000000000000000000000000000000000000000000000000000000000000000000000000000000000000000000000000000000000000000000000000000000000000000000000000000000000000000000000000000000000000000000000000000000000000000000000
              #x007f7fc3f75e4669514001fdfe63a41fdfdfe5a61c45f87fe1ab72d138ce0002)
       #b0000000000000000000000000000000000000000000000000000000000000000000000000000000000000000000000000000000000000000000000000000000000000000000000000000000000000000000000000000000000000000000000000000000000000000000000000000000000000000000000000000000000000000000000000000000000000000000000000000000000000000000000000000000000000000000000000000000000000000000000000000000000000000000000000000000000000000000000000000000000000000000000000000000000000000000000000000000000000000000000000000000000000000000000000000001000000000000000000000000000000000000000000000000000000000000000000000000000000000000000000000000000000000000000000000000000000000000000000000000000000000000000000000000000000000000000000000000000000000000000000000000000000000000000000000000000000000000000000
       #x0000000000000000000000000000000000000000000000000000000000000000))
  (define-fun balance_00 () (Array (_ BitVec 160) (_ BitVec 256))
    ((as const (Array (_ BitVec 160) (_ BitVec 256)))
  #x0000000000000000000000000000000000000000000000000000000000000000))
  (define-fun balance_457e8b2_01 () (Array (_ BitVec 160) (_ BitVec 256))
    (store ((as const (Array (_ BitVec 160) (_ BitVec 256)))
         #x0000000000000000000000000000000000000000000000000000000000000000)
       #x7fa9385be102ac3eac297483dd6233d62b3e1496
       #x0000000000000000000000000000000000000000ffffffffffffffffffffffff))
  (define-fun storage_0x7fa9385be102ac3eac297483dd6233d62b3e1496_769_c57776c_02 () (Array (_ BitVec 769) (_ BitVec 256))
    (store ((as const (Array (_ BitVec 769) (_ BitVec 256)))
         #xdfffffffffffffffffffffffffffffffffffffffffffffffffffffffffffffff)
       #b0000000000000000000000000000000000000000000000000000000000000000000000000000000000000000000000000000000000000000000000000000000000000000000000000000000000000000000000000000000000000000000000000000000000000000000000000000000000000000000000000000000000000000000000000000000000000000000000000000000000000000000000000000000000000000000000000000000000000000000000000000000000000000000000000000000000000000000000000000000000000000000000000000000000000000000000000000000000000000000000000000000000000000000000000000000100000000000000000000000000000000000000000000000000000000000000000000000000000000000000000000000000000000000000000000000000000000000000000000000000000000000000000000000000000000000000000000000000000000000000000000000000000000000000000000000000000000000000000
       #x007f7fc3f75e4669514001fdfe63a41fdfdfe5a61c45f87fe1ab72d138ce0002))
  (define-fun f_sha3_512 ((x!0 (_ BitVec 512))) (_ BitVec 256)
    (ite (= x!0
            #x00000000000000000000000000000000000000000000000000000000000000000000000000000000000000000000000000000000000000000000000000000002)
      #x00000000000000000000000000100e92eff66fbe3ab8edba34c1800060038fe1
    (ite (= x!0
            #x00000000000000000000000000000000000000000000000000000000000000000000000000000000000000000000000000000000000000000000000000000001)
      #x000000000000000000000000ffeff16d10099041c5471245cb3e7fff9ffc701e
      #x0000000000000000000000000000000000000000000000000000000000000000)))
  (define-fun f_inv_sha3_size ((x!0 (_ BitVec 160))) (_ BitVec 256)
    (ite (= x!0 #x00100e92eff66fbe3ab8edba34c1800060038fe1)
      #x0000000000000000000000000000000000000000000000000000000000000200
    (ite (= x!0 #xffeff16d10099041c5471245cb3e7fff9ffc701e)
      #x0000000000000000000000000000000000000000000000000000000000000200
      #x0000000000000000000000000000000000000000000000000000000000000000)))
  (define-fun f_inv_sha3_512 ((x!0 (_ BitVec 160))) (_ BitVec 512)
    (ite (= x!0 #xffeff16d10099041c5471245cb3e7fff9ffc701e)
      #x00000000000000000000000000000000000000000000000000000000000000000000000000000000000000000000000000000000000000000000000000000001
    (ite (= x!0 #x00100e92eff66fbe3ab8edba34c1800060038fe1)
      #x00000000000000000000000000000000000000000000000000000000000000000000000000000000000000000000000000000000000000000000000000000002
      #x00000000000000000000000000000000000000000000000000000000000000000000000000000000000000000000000000000000000000000000000000000000)))
)
