WARNING: Note: attribute msg value in CLI (20260922 veto policy: exact overlapping-write inlining, three complete forwarding rules) overrides value stored in conf file (Veto-only Delay policy: explicitly cleared selector cannot use any implemented forwarding entrypoint)
Compiling certora/harness/RolesHarness.sol...
Compiling certora/harness/RolesHarness.sol to expose internal function information and local variables...
Compiling contracts/Permissions.sol...
Compiling contracts/Permissions.sol to expose internal function information and local variables...

Connecting to server...

Job submitted to server

Manage your jobs at https://prover.certora.com
Follow your job and see verification results at https://prover.certora.com/output/99679/8077cd2558594e04b531d9b8489fcfa2
Output:

Start Tue Sep 22 20:02:56 GMT 2026
Start Tue Sep 22 20:02:56 GMT 2026
Warning: The type `Role` will not be accessible in CVL code
Reason(s):
	struct field `members` cannot be expressed in CVL: [mapping types are not supported]
	struct field `targets` cannot be expressed in CVL: [mapping types are not supported]
	struct field `functions` cannot be expressed in CVL: [mapping types are not supported]
	struct field `compValues` cannot be expressed in CVL: [mapping types are not supported]
	struct field `compValuesOneOf` cannot be expressed in CVL: [mapping types are not supported]
Warning: Warning: Contract RolesHarness has multiple storage slots with the same name - __gap (multiple inheritance could cause this), they will be ignored
Warning: Pointer analysis for optimization failed in contract RolesHarness, function multisendEntryAt(bytes,uint256).  Error code 1277565207
Warning: Pointer analysis for optimization failed in contract RolesHarness, function getModulesPaginated(address,uint256).  Error code 1277565207
Warning: Pointer analysis for optimization failed in internal function Permissions.checkMultisendTransaction(Role role, bytes data) (when called from external function check(Role,address,address,uint256,bytes,Enum.Operation) of contract Permissions).  Error code 1277565207
Warning: Pointer analysis for optimization failed in internal function Permissions.checkTransaction(Role role, address targetAddress, uint256 value, bytes data, Enum.Operation operation) (when called from external function check(Role,address,address,uint256,bytes,Enum.Operation) of contract Permissions).  Error code 1277565207
Warning: Pointer analysis for optimization failed in internal function Permissions.checkMultisendTransaction(Role role, bytes data) (when called from external function check(Role,address,address,uint256,bytes,Enum.Operation) of contract Permissions).  Error code 1277565207
Warning: Pointer analysis for optimization failed in internal function Permissions.checkTransaction(Role role, address targetAddress, uint256 value, bytes data, Enum.Operation operation) (when called from external function check(Role,address,address,uint256,bytes,Enum.Operation) of contract Permissions).  Error code 1277565207
The scene contains 21 contracts:
Permissions : 0xce4604a000000000000000000000001d,
RolesHarness : 0xce4604a000000000000000000000000e,
ecrecover : 0x1,
sha256 : 0x2,
ripemd160 : 0x3,
identity : 0x4,
bigmod : 0x5,
bn256Add : 0x6,
bn256ScalarMul : 0x7,
bn256Pairing : 0x8,
Precompiled244 : 0xf4,
Precompiled245 : 0xf5,
Precompiled246 : 0xf6,
Precompiled247 : 0xf7,
Precompiled248 : 0xf8,
Precompiled249 : 0xf9,
Precompiled250 : 0xfa,
Precompiled251 : 0xfb,
Precompiled252 : 0xfc,
Precompiled253 : 0xfd,
Precompiled254 : 0xfe
Running initial transformations
Warning: Pointer analysis failed, could pose a linking issue in a caller in contract RolesHarness, function multisendEntryAt(bytes,uint256).  Error code 1277565207
Warning: Pointer analysis failed, could pose a linking issue in a caller in contract RolesHarness, function getModulesPaginated(address,uint256).  Error code 1277565207
Warning: Pointer analysis for correct hashing failed in internal function Permissions.checkMultisendTransaction(Role role, bytes data) (when called from external function check(Role,address,address,uint256,bytes,Enum.Operation) of contract Permissions).  Error code 1277565207
Warning: Pointer analysis for correct hashing failed in internal function Permissions.checkTransaction(Role role, address targetAddress, uint256 value, bytes data, Enum.Operation operation) (when called from external function check(Role,address,address,uint256,bytes,Enum.Operation) of contract Permissions).  Error code 1277565207
Warning: Memory partitioning failed while analyzing contract Permissions, function check(Role,address,address,uint256,bytes,Enum.Operation).  This can lead to longer running times. 
Warning: Memory partitioning failed while analyzing contract RolesHarness, function getModulesPaginated(address,uint256).  This can lead to longer running times. 
Warning: Memory partitioning failed while analyzing contract RolesHarness, function multisendEntryAt(bytes,uint256). No precise source code information available for the location, range information points to the next enclosing external method that inlined the call. I.e. inspect the highlighted method and any of it's potentially inlined callees. This can lead to longer running times. 
Has CVL checks.
Checking CVL certora/specs/Roles/delayProtection.spec for contract RolesHarness
Unrolling loops 2 times, unwinding condition is asserted
Checking rule revokedSelectorCannotBeReturnDataForwarded (3 out of 4)...
Checking rule revokedSelectorCannotBeSafeForwarded (2 out of 4)...
Checking rule envfreeFuncsStaticCheck (4 out of 4)...
Checking rule revokedSelectorCannotBeDirectForwarded (1 out of 4)...
Result for envfreeFuncsStaticCheck: envfreeFuncsStaticCheck: functionScopeConfigForData(uint16,address,bytes): SUCCESS
delayVetoSelector(): SUCCESS
selectorForData(bytes): SUCCESS
multisend(): SUCCESS
owner(): SUCCESS
clearanceOf(uint16,address): SUCCESS
Exception in thread "Thread-1" java.io.IOException: Cannot run program "killall": Exec failed, error: 2 (No such file or directory) 
	at java.base/java.lang.ProcessBuilder.start(ProcessBuilder.java:1170)
	at java.base/java.lang.ProcessBuilder.start(ProcessBuilder.java:1089)
	at java.base/java.lang.Runtime.exec(Runtime.java:681)
	at java.base/java.lang.Runtime.exec(Runtime.java:530)
	at utils.LongProcessKiller.run(LongProcessKiller.kt:44)
Caused by: java.io.IOException: Exec failed, error: 2 (No such file or directory) 
	at java.base/java.lang.ProcessImpl.forkAndExec(Native Method)
	at java.base/java.lang.ProcessImpl.<init>(ProcessImpl.java:295)
	at java.base/java.lang.ProcessImpl.start(ProcessImpl.java:225)
	at java.base/java.lang.ProcessBuilder.start(ProcessBuilder.java:1126)
	... 4 more
Ping 1m - Processed 1/4 (25%) rules. 7 tasks complete, 3 pending.
Starting to run on rule revokedSelectorCannotBeSafeForwarded
Starting to run on rule revokedSelectorCannotBeReturnDataForwarded
Starting to run on rule revokedSelectorCannotBeDirectForwarded
Total time for revokedSelectorCannotBeDirectForwarded: 13 seconds ; Split time: 0 seconds ; Number of problems: 1 ; Solver time : 12 seconds
Violated: revokedSelectorCannotBeDirectForwarded
revokedSelectorCannotBeDirectForwarded: A property is violated
Starting to run on rule revokedSelectorCannotBeDirectForwarded-require_not_redundant_26_4
Starting to run on rule revokedSelectorCannotBeDirectForwarded-require_not_redundant_23_4
Total time for revokedSelectorCannotBeDirectForwarded-require_not_redundant_26_4: 7 seconds ; Split time: 0 seconds ; Number of problems: 1 ; Solver time : 6 seconds
Violated: revokedSelectorCannotBeDirectForwarded-require_not_redundant_26_4
revokedSelectorCannotBeDirectForwarded-require_not_redundant_26_4: A property is violated
Ping 2m - Processed 2/4 (50%) rules. 9 tasks complete, 3 pending.
Total time for revokedSelectorCannotBeDirectForwarded-require_not_redundant_23_4: 12 seconds ; Split time: 0 seconds ; Number of problems: 1 ; Solver time : 11 seconds
Violated: revokedSelectorCannotBeDirectForwarded-require_not_redundant_23_4
revokedSelectorCannotBeDirectForwarded-require_not_redundant_23_4: A property is violated
received `signalSkip` for rule revokedSelectorCannotBeDirectForwarded-assertion_not_tautological_32_4
received `signalSkip` for rule revokedSelectorCannotBeDirectForwarded-assertion_not_tautological_31_4
received `signalSkip` for rule revokedSelectorCannotBeDirectForwarded-rule_not_vacuous
received `signalSkip` for rule revokedSelectorCannotBeDirectForwarded-assertion_not_tautological_36_4
Result for revokedSelectorCannotBeDirectForwarded: revokedSelectorCannotBeDirectForwarded: FAIL: RolesHarness.functionScopeConfigForData(...
Total time for revokedSelectorCannotBeSafeForwarded: 13 seconds ; Split time: 0 seconds ; Number of problems: 1 ; Solver time : 13 seconds
Violated: revokedSelectorCannotBeSafeForwarded
revokedSelectorCannotBeSafeForwarded: A property is violated
Starting to run on rule revokedSelectorCannotBeSafeForwarded-require_not_redundant_46_4
Starting to run on rule revokedSelectorCannotBeSafeForwarded-require_not_redundant_43_4
Total time for revokedSelectorCannotBeReturnDataForwarded: 27 seconds ; Split time: 0 seconds ; Number of problems: 1 ; Solver time : 27 seconds
Violated: revokedSelectorCannotBeReturnDataForwarded
revokedSelectorCannotBeReturnDataForwarded: A property is violated
Starting to run on rule revokedSelectorCannotBeReturnDataForwarded-require_not_redundant_66_4
Starting to run on rule revokedSelectorCannotBeReturnDataForwarded-require_not_redundant_63_4
Ping 3m - Processed 4/4 (100%) rules. 12 tasks complete, 4 pending.
Ping 4m - Processed 4/4 (100%) rules. 12 tasks complete, 4 pending.
Total time for revokedSelectorCannotBeSafeForwarded-require_not_redundant_46_4: 13 seconds ; Split time: 0 seconds ; Number of problems: 1 ; Solver time : 12 seconds
Violated: revokedSelectorCannotBeSafeForwarded-require_not_redundant_46_4
revokedSelectorCannotBeSafeForwarded-require_not_redundant_46_4: A property is violated
Total time for revokedSelectorCannotBeSafeForwarded-require_not_redundant_43_4: 13 seconds ; Split time: 0 seconds ; Number of problems: 1 ; Solver time : 13 seconds
Violated: revokedSelectorCannotBeSafeForwarded-require_not_redundant_43_4
revokedSelectorCannotBeSafeForwarded-require_not_redundant_43_4: A property is violated
received `signalSkip` for rule revokedSelectorCannotBeSafeForwarded-assertion_not_tautological_56_4
received `signalSkip` for rule revokedSelectorCannotBeSafeForwarded-assertion_not_tautological_51_4
received `signalSkip` for rule revokedSelectorCannotBeSafeForwarded-assertion_not_tautological_52_4
received `signalSkip` for rule revokedSelectorCannotBeSafeForwarded-rule_not_vacuous
Result for revokedSelectorCannotBeSafeForwarded: revokedSelectorCannotBeSafeForwarded: FAIL: RolesHarness.functionScopeConfigForData(...
Total time for revokedSelectorCannotBeReturnDataForwarded-require_not_redundant_66_4: 9 seconds ; Split time: 0 seconds ; Number of problems: 1 ; Solver time : 8 seconds
Violated: revokedSelectorCannotBeReturnDataForwarded-require_not_redundant_66_4
revokedSelectorCannotBeReturnDataForwarded-require_not_redundant_66_4: A property is violated
Total time for revokedSelectorCannotBeReturnDataForwarded-require_not_redundant_63_4: 13 seconds ; Split time: 0 seconds ; Number of problems: 1 ; Solver time : 12 seconds
Violated: revokedSelectorCannotBeReturnDataForwarded-require_not_redundant_63_4
revokedSelectorCannotBeReturnDataForwarded-require_not_redundant_63_4: A property is violated
received `signalSkip` for rule revokedSelectorCannotBeReturnDataForwarded-assertion_not_tautological_71_4
received `signalSkip` for rule revokedSelectorCannotBeReturnDataForwarded-assertion_not_tautological_72_4
received `signalSkip` for rule revokedSelectorCannotBeReturnDataForwarded-assertion_not_tautological_76_4
received `signalSkip` for rule revokedSelectorCannotBeReturnDataForwarded-rule_not_vacuous
Result for revokedSelectorCannotBeReturnDataForwarded: revokedSelectorCannotBeReturnDataForwarded: FAIL: RolesHarness.functionScopeConfigForData(...
Results for envfreeFuncsStaticCheck:
*---------------------------------------------------------------------------------------------------------------------------------------------------------------------------------*
|Rule name                               |Verified     |Time (sec)|Description                                                 |Local vars                                        |
|----------------------------------------|-------------|----------|------------------------------------------------------------|--------------------------------------------------|
|functionScopeConfigForData(uint16,addres|Not violated |0         |                                                            |no local variables                                |
|s,bytes)                                |(unsat)      |          |                                                            |                                                  |
|delayVetoSelector()                     |Not violated |0         |                                                            |no local variables                                |
|                                        |(unsat)      |          |                                                            |                                                  |
|selectorForData(bytes)                  |Not violated |0         |                                                            |no local variables                                |
|                                        |(unsat)      |          |                                                            |                                                  |
|multisend()                             |Not violated |0         |                                                            |no local variables                                |
|                                        |(unsat)      |          |                                                            |                                                  |
|owner()                                 |Not violated |0         |                                                            |no local variables                                |
|                                        |(unsat)      |          |                                                            |                                                  |
|clearanceOf(uint16,address)             |Not violated |0         |                                                            |no local variables                                |
|                                        |(unsat)      |          |                                                            |                                                  |
*---------------------------------------------------------------------------------------------------------------------------------------------------------------------------------*
Results for all:
*---------------------------------------------------------------------------------------------------------------------------------------------------------------------------------*
|Rule name                               |Verified     |Time (sec)|Description                                                 |Local vars                                        |
|----------------------------------------|-------------|----------|------------------------------------------------------------|--------------------------------------------------|
|envfreeFuncsStaticCheck                 |Not violated |0         |                                                            |no local variables                                |
|                                        |(unsat)      |          |                                                            |                                                  |
|revokedSelectorCannotBeDirectForwarded  |Violated     |18        |Assert message: RolesHarness.functionScopeConfigForData(... |Permissions=119                                   |
|                                        |(sat)        |          |                                                            |RolesHarness=120                                  |
|                                        |             |          |                                                            |admin.block.basefee=0                             |
|                                        |             |          |                                                            |admin.block.blobbasefee=0                         |
|                                        |             |          |                                                            |admin.block.coinbase=0x0                          |
|                                        |             |          |                                                            |admin.block.difficulty=0                          |
|                                        |             |          |                                                            |admin.block.gaslimit=0                            |
|                                        |             |          |                                                            |admin.block.number=0                              |
|                                        |             |          |                                                            |admin.block.slotnum=0                             |
|                                        |             |          |                                                            |admin.block.timestamp=0                           |
|                                        |             |          |                                                            |admin.msg.sender=0x6711                           |
|                                        |             |          |                                                            |admin.msg.value=0                                 |
|                                        |             |          |                                                            |admin.tx.origin=0x0                               |
|                                        |             |          |                                                            |caller.block.basefee=0                            |
|                                        |             |          |                                                            |caller.block.blobbasefee=0                        |
|                                        |             |          |                                                            |caller.block.coinbase=0x0                         |
|                                        |             |          |                                                            |caller.block.difficulty=0                         |
|                                        |             |          |                                                            |caller.block.gaslimit=0                           |
|                                        |             |          |                                                            |caller.block.number=0                             |
|                                        |             |          |                                                            |caller.block.slotnum=0                            |
|                                        |             |          |                                                            |caller.block.timestamp=0                          |
|                                        |             |          |                                                            |caller.msg.sender=0x0                             |
|                                        |             |          |                                                            |caller.msg.value=0                                |
|                                        |             |          |                                                            |caller.tx.origin=0x0                              |
|                                        |             |          |                                                            |data=...                                          |
|                                        |             |          |                                                            |data.length=4294967280                            |
|                                        |             |          |                                                            |deniedSelector=0xc6ba2307                         |
|                                        |             |          |                                                            |role=26385                                        |
|                                        |             |          |                                                            |to=0x82711                                        |
|                                        |             |          |                                                            |vetoSelector=0x46ba2307                           |
|require_not_redundant_26_4              |Violated     |11        |Assert message: RolesHarness.functionScopeConfigForData(... |Permissions=119                                   |
|                                        |(sat)        |          |                                                            |RolesHarness=120                                  |
|                                        |             |          |                                                            |admin.block.basefee=0                             |
|                                        |             |          |                                                            |admin.block.blobbasefee=0                         |
|                                        |             |          |                                                            |admin.block.coinbase=0x0                          |
|                                        |             |          |                                                            |admin.block.difficulty=0                          |
|                                        |             |          |                                                            |admin.block.gaslimit=0                            |
|                                        |             |          |                                                            |admin.block.number=0                              |
|                                        |             |          |                                                            |admin.block.slotnum=0                             |
|                                        |             |          |                                                            |admin.block.timestamp=0                           |
|                                        |             |          |                                                            |admin.msg.sender=0x6711                           |
|                                        |             |          |                                                            |admin.msg.value=0                                 |
|                                        |             |          |                                                            |admin.tx.origin=0x0                               |
|                                        |             |          |                                                            |caller.block.basefee=0                            |
|                                        |             |          |                                                            |caller.block.blobbasefee=0                        |
|                                        |             |          |                                                            |caller.block.coinbase=0x0                         |
|                                        |             |          |                                                            |caller.block.difficulty=0                         |
|                                        |             |          |                                                            |caller.block.gaslimit=0                           |
|                                        |             |          |                                                            |caller.block.number=0                             |
|                                        |             |          |                                                            |caller.block.slotnum=0                            |
|                                        |             |          |                                                            |caller.block.timestamp=0                          |
|                                        |             |          |                                                            |caller.msg.sender=0x0                             |
|                                        |             |          |                                                            |caller.msg.value=0                                |
|                                        |             |          |                                                            |caller.tx.origin=0x0                              |
|                                        |             |          |                                                            |data=...                                          |
|                                        |             |          |                                                            |data.length=4294967280                            |
|                                        |             |          |                                                            |deniedSelector=0x0                                |
|                                        |             |          |                                                            |role=26385                                        |
|                                        |             |          |                                                            |to=0x82711                                        |
|                                        |             |          |                                                            |vetoSelector=0x46ba2307                           |
|require_not_redundant_23_4              |Violated     |16        |Assert message: RolesHarness.functionScopeConfigForData(... |Permissions=119                                   |
|                                        |(sat)        |          |                                                            |RolesHarness=120                                  |
|                                        |             |          |                                                            |admin.block.basefee=0                             |
|                                        |             |          |                                                            |admin.block.blobbasefee=0                         |
|                                        |             |          |                                                            |admin.block.coinbase=0x0                          |
|                                        |             |          |                                                            |admin.block.difficulty=0                          |
|                                        |             |          |                                                            |admin.block.gaslimit=0                            |
|                                        |             |          |                                                            |admin.block.number=0                              |
|                                        |             |          |                                                            |admin.block.slotnum=0                             |
|                                        |             |          |                                                            |admin.block.timestamp=0                           |
|                                        |             |          |                                                            |admin.msg.sender=0x6711                           |
|                                        |             |          |                                                            |admin.msg.value=0                                 |
|                                        |             |          |                                                            |admin.tx.origin=0x0                               |
|                                        |             |          |                                                            |caller.block.basefee=0                            |
|                                        |             |          |                                                            |caller.block.blobbasefee=0                        |
|                                        |             |          |                                                            |caller.block.coinbase=0x0                         |
|                                        |             |          |                                                            |caller.block.difficulty=0                         |
|                                        |             |          |                                                            |caller.block.gaslimit=0                           |
|                                        |             |          |                                                            |caller.block.number=0                             |
|                                        |             |          |                                                            |caller.block.slotnum=0                            |
|                                        |             |          |                                                            |caller.block.timestamp=0                          |
|                                        |             |          |                                                            |caller.msg.sender=0x0                             |
|                                        |             |          |                                                            |caller.msg.value=0                                |
|                                        |             |          |                                                            |caller.tx.origin=0x0                              |
|                                        |             |          |                                                            |data=...                                          |
|                                        |             |          |                                                            |data.length=4294967280                            |
|                                        |             |          |                                                            |deniedSelector=0xc6ba2307                         |
|                                        |             |          |                                                            |role=26385                                        |
|                                        |             |          |                                                            |to=0x82711                                        |
|                                        |             |          |                                                            |vetoSelector=0x46ba2307                           |
|revokedSelectorCannotBeSafeForwarded    |Violated     |79        |Assert message: RolesHarness.functionScopeConfigForData(... |Permissions=119                                   |
|                                        |(sat)        |          |                                                            |RolesHarness=120                                  |
|                                        |             |          |                                                            |admin.block.basefee=0                             |
|                                        |             |          |                                                            |admin.block.blobbasefee=0                         |
|                                        |             |          |                                                            |admin.block.coinbase=0x0                          |
|                                        |             |          |                                                            |admin.block.difficulty=0                          |
|                                        |             |          |                                                            |admin.block.gaslimit=0                            |
|                                        |             |          |                                                            |admin.block.number=0                              |
|                                        |             |          |                                                            |admin.block.slotnum=0                             |
|                                        |             |          |                                                            |admin.block.timestamp=0                           |
|                                        |             |          |                                                            |admin.msg.sender=0x6711                           |
|                                        |             |          |                                                            |admin.msg.value=0                                 |
|                                        |             |          |                                                            |admin.tx.origin=0x0                               |
|                                        |             |          |                                                            |caller.block.basefee=0                            |
|                                        |             |          |                                                            |caller.block.blobbasefee=0                        |
|                                        |             |          |                                                            |caller.block.coinbase=0x0                         |
|                                        |             |          |                                                            |caller.block.difficulty=0                         |
|                                        |             |          |                                                            |caller.block.gaslimit=0                           |
|                                        |             |          |                                                            |caller.block.number=0                             |
|                                        |             |          |                                                            |caller.block.slotnum=0                            |
|                                        |             |          |                                                            |caller.block.timestamp=0                          |
|                                        |             |          |                                                            |caller.msg.sender=0x0                             |
|                                        |             |          |                                                            |caller.msg.value=0                                |
|                                        |             |          |                                                            |caller.tx.origin=0x0                              |
|                                        |             |          |                                                            |data=...                                          |
|                                        |             |          |                                                            |data.length=4294967280                            |
|                                        |             |          |                                                            |deniedSelector=0xc6ba2307                         |
|                                        |             |          |                                                            |operation=Enum.Operation.Call                     |
|                                        |             |          |                                                            |role=26389                                        |
|                                        |             |          |                                                            |shouldRevert=true                                 |
|                                        |             |          |                                                            |to=0x1000000000000002711                          |
|                                        |             |          |                                                            |value=0                                           |
|                                        |             |          |                                                            |vetoSelector=0x46ba2307                           |
|revokedSelectorCannotBeReturnDataForward|Violated     |93        |Assert message: RolesHarness.functionScopeConfigForData(... |Permissions=119                                   |
|ed                                      |(sat)        |          |                                                            |RolesHarness=120                                  |
|                                        |             |          |                                                            |admin.block.basefee=0                             |
|                                        |             |          |                                                            |admin.block.blobbasefee=0                         |
|                                        |             |          |                                                            |admin.block.coinbase=0x0                          |
|                                        |             |          |                                                            |admin.block.difficulty=0                          |
|                                        |             |          |                                                            |admin.block.gaslimit=0                            |
|                                        |             |          |                                                            |admin.block.number=0                              |
|                                        |             |          |                                                            |admin.block.slotnum=0                             |
|                                        |             |          |                                                            |admin.block.timestamp=0                           |
|                                        |             |          |                                                            |admin.msg.sender=0x6711                           |
|                                        |             |          |                                                            |admin.msg.value=0                                 |
|                                        |             |          |                                                            |admin.tx.origin=0x0                               |
|                                        |             |          |                                                            |caller.block.basefee=0                            |
|                                        |             |          |                                                            |caller.block.blobbasefee=0                        |
|                                        |             |          |                                                            |caller.block.coinbase=0x0                         |
|                                        |             |          |                                                            |caller.block.difficulty=0                         |
|                                        |             |          |                                                            |caller.block.gaslimit=0                           |
|                                        |             |          |                                                            |caller.block.number=0                             |
|                                        |             |          |                                                            |caller.block.slotnum=0                            |
|                                        |             |          |                                                            |caller.block.timestamp=0                          |
|                                        |             |          |                                                            |caller.msg.sender=0x0                             |
|                                        |             |          |                                                            |caller.msg.value=0                                |
|                                        |             |          |                                                            |caller.tx.origin=0x0                              |
|                                        |             |          |                                                            |data=...                                          |
|                                        |             |          |                                                            |data.length=4294967280                            |
|                                        |             |          |                                                            |deniedSelector=0xc6ba2307                         |
|                                        |             |          |                                                            |operation=Enum.Operation.Call                     |
|                                        |             |          |                                                            |role=42769                                        |
|                                        |             |          |                                                            |shouldRevert=true                                 |
|                                        |             |          |                                                            |to=0x1000000000002711                             |
|                                        |             |          |                                                            |value=0                                           |
|                                        |             |          |                                                            |vetoSelector=0x46ba2307                           |
|require_not_redundant_46_4              |Violated     |78        |Assert message: RolesHarness.functionScopeConfigForData(... |Permissions=119                                   |
|                                        |(sat)        |          |                                                            |RolesHarness=120                                  |
|                                        |             |          |                                                            |admin.block.basefee=0                             |
|                                        |             |          |                                                            |admin.block.blobbasefee=0                         |
|                                        |             |          |                                                            |admin.block.coinbase=0x0                          |
|                                        |             |          |                                                            |admin.block.difficulty=0                          |
|                                        |             |          |                                                            |admin.block.gaslimit=0                            |
|                                        |             |          |                                                            |admin.block.number=0                              |
|                                        |             |          |                                                            |admin.block.slotnum=0                             |
|                                        |             |          |                                                            |admin.block.timestamp=0                           |
|                                        |             |          |                                                            |admin.msg.sender=0x6711                           |
|                                        |             |          |                                                            |admin.msg.value=0                                 |
|                                        |             |          |                                                            |admin.tx.origin=0x0                               |
|                                        |             |          |                                                            |caller.block.basefee=0                            |
|                                        |             |          |                                                            |caller.block.blobbasefee=0                        |
|                                        |             |          |                                                            |caller.block.coinbase=0x0                         |
|                                        |             |          |                                                            |caller.block.difficulty=0                         |
|                                        |             |          |                                                            |caller.block.gaslimit=0                           |
|                                        |             |          |                                                            |caller.block.number=0                             |
|                                        |             |          |                                                            |caller.block.slotnum=0                            |
|                                        |             |          |                                                            |caller.block.timestamp=0                          |
|                                        |             |          |                                                            |caller.msg.sender=0x0                             |
|                                        |             |          |                                                            |caller.msg.value=0                                |
|                                        |             |          |                                                            |caller.tx.origin=0x0                              |
|                                        |             |          |                                                            |data=...                                          |
|                                        |             |          |                                                            |data.length=4294967280                            |
|                                        |             |          |                                                            |deniedSelector=0x0                                |
|                                        |             |          |                                                            |operation=Enum.Operation.Call                     |
|                                        |             |          |                                                            |role=26389                                        |
|                                        |             |          |                                                            |shouldRevert=true                                 |
|                                        |             |          |                                                            |to=0x1000000000000002711                          |
|                                        |             |          |                                                            |value=0                                           |
|                                        |             |          |                                                            |vetoSelector=0x46ba2307                           |
|require_not_redundant_43_4              |Violated     |78        |Assert message: RolesHarness.functionScopeConfigForData(... |Permissions=119                                   |
|                                        |(sat)        |          |                                                            |RolesHarness=120                                  |
|                                        |             |          |                                                            |admin.block.basefee=0                             |
|                                        |             |          |                                                            |admin.block.blobbasefee=0                         |
|                                        |             |          |                                                            |admin.block.coinbase=0x0                          |
|                                        |             |          |                                                            |admin.block.difficulty=0                          |
|                                        |             |          |                                                            |admin.block.gaslimit=0                            |
|                                        |             |          |                                                            |admin.block.number=0                              |
|                                        |             |          |                                                            |admin.block.slotnum=0                             |
|                                        |             |          |                                                            |admin.block.timestamp=0                           |
|                                        |             |          |                                                            |admin.msg.sender=0x6711                           |
|                                        |             |          |                                                            |admin.msg.value=0                                 |
|                                        |             |          |                                                            |admin.tx.origin=0x0                               |
|                                        |             |          |                                                            |caller.block.basefee=0                            |
|                                        |             |          |                                                            |caller.block.blobbasefee=0                        |
|                                        |             |          |                                                            |caller.block.coinbase=0x0                         |
|                                        |             |          |                                                            |caller.block.difficulty=0                         |
|                                        |             |          |                                                            |caller.block.gaslimit=0                           |
|                                        |             |          |                                                            |caller.block.number=0                             |
|                                        |             |          |                                                            |caller.block.slotnum=0                            |
|                                        |             |          |                                                            |caller.block.timestamp=0                          |
|                                        |             |          |                                                            |caller.msg.sender=0x0                             |
|                                        |             |          |                                                            |caller.msg.value=0                                |
|                                        |             |          |                                                            |caller.tx.origin=0x0                              |
|                                        |             |          |                                                            |data=...                                          |
|                                        |             |          |                                                            |data.length=4294967280                            |
|                                        |             |          |                                                            |deniedSelector=0xc6ba2307                         |
|                                        |             |          |                                                            |operation=Enum.Operation.Call                     |
|                                        |             |          |                                                            |role=26385                                        |
|                                        |             |          |                                                            |shouldRevert=true                                 |
|                                        |             |          |                                                            |to=0x1000000000000002711                          |
|                                        |             |          |                                                            |value=0                                           |
|                                        |             |          |                                                            |vetoSelector=0x46ba2307                           |
|require_not_redundant_66_4              |Violated     |75        |Assert message: RolesHarness.functionScopeConfigForData(... |Permissions=119                                   |
|                                        |(sat)        |          |                                                            |RolesHarness=120                                  |
|                                        |             |          |                                                            |admin.block.basefee=0                             |
|                                        |             |          |                                                            |admin.block.blobbasefee=0                         |
|                                        |             |          |                                                            |admin.block.coinbase=0x0                          |
|                                        |             |          |                                                            |admin.block.difficulty=0                          |
|                                        |             |          |                                                            |admin.block.gaslimit=0                            |
|                                        |             |          |                                                            |admin.block.number=0                              |
|                                        |             |          |                                                            |admin.block.slotnum=0                             |
|                                        |             |          |                                                            |admin.block.timestamp=0                           |
|                                        |             |          |                                                            |admin.msg.sender=0x6711                           |
|                                        |             |          |                                                            |admin.msg.value=0                                 |
|                                        |             |          |                                                            |admin.tx.origin=0x0                               |
|                                        |             |          |                                                            |caller.block.basefee=0                            |
|                                        |             |          |                                                            |caller.block.blobbasefee=0                        |
|                                        |             |          |                                                            |caller.block.coinbase=0x0                         |
|                                        |             |          |                                                            |caller.block.difficulty=0                         |
|                                        |             |          |                                                            |caller.block.gaslimit=0                           |
|                                        |             |          |                                                            |caller.block.number=0                             |
|                                        |             |          |                                                            |caller.block.slotnum=0                            |
|                                        |             |          |                                                            |caller.block.timestamp=0                          |
|                                        |             |          |                                                            |caller.msg.sender=0x0                             |
|                                        |             |          |                                                            |caller.msg.value=0                                |
|                                        |             |          |                                                            |caller.tx.origin=0x0                              |
|                                        |             |          |                                                            |data=...                                          |
|                                        |             |          |                                                            |data.length=4294967280                            |
|                                        |             |          |                                                            |deniedSelector=0x0                                |
|                                        |             |          |                                                            |operation=Enum.Operation.Call                     |
|                                        |             |          |                                                            |role=26385                                        |
|                                        |             |          |                                                            |shouldRevert=true                                 |
|                                        |             |          |                                                            |to=0x802711                                       |
|                                        |             |          |                                                            |value=0                                           |
|                                        |             |          |                                                            |vetoSelector=0x46ba2307                           |
|require_not_redundant_63_4              |Violated     |78        |Assert message: RolesHarness.functionScopeConfigForData(... |Permissions=119                                   |
|                                        |(sat)        |          |                                                            |RolesHarness=120                                  |
|                                        |             |          |                                                            |admin.block.basefee=0                             |
|                                        |             |          |                                                            |admin.block.blobbasefee=0                         |
|                                        |             |          |                                                            |admin.block.coinbase=0x0                          |
|                                        |             |          |                                                            |admin.block.difficulty=0                          |
|                                        |             |          |                                                            |admin.block.gaslimit=0                            |
|                                        |             |          |                                                            |admin.block.number=0                              |
|                                        |             |          |                                                            |admin.block.slotnum=0                             |
|                                        |             |          |                                                            |admin.block.timestamp=0                           |
|                                        |             |          |                                                            |admin.msg.sender=0x6711                           |
|                                        |             |          |                                                            |admin.msg.value=0                                 |
|                                        |             |          |                                                            |admin.tx.origin=0x0                               |
|                                        |             |          |                                                            |caller.block.basefee=0                            |
|                                        |             |          |                                                            |caller.block.blobbasefee=0                        |
|                                        |             |          |                                                            |caller.block.coinbase=0x0                         |
|                                        |             |          |                                                            |caller.block.difficulty=0                         |
|                                        |             |          |                                                            |caller.block.gaslimit=0                           |
|                                        |             |          |                                                            |caller.block.number=0                             |
|                                        |             |          |                                                            |caller.block.slotnum=0                            |
|                                        |             |          |                                                            |caller.block.timestamp=0                          |
|                                        |             |          |                                                            |caller.msg.sender=0x0                             |
|                                        |             |          |                                                            |caller.msg.value=0                                |
|                                        |             |          |                                                            |caller.tx.origin=0x0                              |
|                                        |             |          |                                                            |data=...                                          |
|                                        |             |          |                                                            |data.length=4294967280                            |
|                                        |             |          |                                                            |deniedSelector=0xc6ba2307                         |
|                                        |             |          |                                                            |operation=Enum.Operation.Call                     |
|                                        |             |          |                                                            |role=42769                                        |
|                                        |             |          |                                                            |shouldRevert=true                                 |
|                                        |             |          |                                                            |to=0x1000000000002711                             |
|                                        |             |          |                                                            |value=0                                           |
|                                        |             |          |                                                            |vetoSelector=0x46ba2307                           |
*---------------------------------------------------------------------------------------------------------------------------------------------------------------------------------*
Failures summary:
Failed on revokedSelectorCannotBeDirectForwarded:
Assert message: RolesHarness.functionScopeConfigForData(...
Failed on require_not_redundant_26_4:
Assert message: RolesHarness.functionScopeConfigForData(...
require redundancy check for require deniedSelector != vetoSelector
Failed on require_not_redundant_23_4:
Assert message: RolesHarness.functionScopeConfigForData(...
require redundancy check for require to != RolesHarness.multisend()
Failed on revokedSelectorCannotBeSafeForwarded:
Assert message: RolesHarness.functionScopeConfigForData(...
Failed on revokedSelectorCannotBeReturnDataForwarded:
Assert message: RolesHarness.functionScopeConfigForData(...
Failed on require_not_redundant_46_4:
Assert message: RolesHarness.functionScopeConfigForData(...
require redundancy check for require deniedSelector != vetoSelector
Failed on require_not_redundant_43_4:
Assert message: RolesHarness.functionScopeConfigForData(...
require redundancy check for require to != RolesHarness.multisend()
Failed on require_not_redundant_66_4:
Assert message: RolesHarness.functionScopeConfigForData(...
require redundancy check for require deniedSelector != vetoSelector
Failed on require_not_redundant_63_4:
Assert message: RolesHarness.functionScopeConfigForData(...
require redundancy check for require to != RolesHarness.multisend()
Ping 5m - Processed 4/4 (100%) rules. 16 tasks complete, 0 pending.
Done 5m
Done 5m
Event reporter: all events were sent without errors
[INFO]: Live-mirror upload summary: 156 uploads, 62 unique keys, 94 redundant re-uploads, 2.52 uploads/key.
[INFO]: s5cmd: cp /home/appuser/code/8077cd2558594e04b531d9b8489fcfa2.tar.gz s3://certora-prod/outputs/99679/output_8077cd2558594e04b531d9b8489fcfa2/8077cd2558594e04b531d9b8489fcfa2.tar.gz
[INFO]: s5cmd transferred 195 file(s)
[INFO]: Cache upload took 0.3724 seconds
[INFO]: Timings :: prover=327.9474 seconds, exit_code=100, timed_out=False

Finished verification request
ERROR: Prover found violations:

[rule] revokedSelectorCannotBeDirectForwarded: FAIL
[rule] revokedSelectorCannotBeReturnDataForwarded: FAIL
[rule] revokedSelectorCannotBeSafeForwarded: FAIL
report url: https://prover.certora.com/output/99679/8077cd2558594e04b531d9b8489fcfa2?anonymousKey=f7c394764529fec66305670c53881b28355a39c9

Violations were found

